analyzer:
  enable-experiment:
    - enhanced-parts
    - macros
