sdk:
- dev
- pubspec

stages:
- unit_test:
  - command: ../../tool/run_e2e_tests.sh
