name: foo
publish-to: none
resolution: workspace

environment:
  sdk: ^3.7.0-39.0.dev

dependencies:
  _test_macros: any
